
 Cluster Info
+----------------------+---------+---------------------+--------+---------+
|          ID          |  NAME   |     CREATED AT      | HEALTH | STATUS  |
+----------------------+---------+---------------------+--------+---------+
| c9q3uu2o56h01dlp23ln | example | 2026-05-08 19:03:46 | ALIVE  | RUNNING |
+----------------------+---------+---------------------+--------+---------+

Host list in cluster
+-------------------------------------------+----------------------+---------+--------+---------------+-----------+--------------------+----------+-----------------+
|                   NAME                    |      CLUSTER ID      |  ROLE   | HEALTH |    ZONE ID    | PUBLIC IP | REPLICATION SOURCE | PRIORITY | BACKUP PRIORITY |
+-------------------------------------------+----------------------+---------+--------+---------------+-----------+--------------------+----------+-----------------+
| rc1a-aj92v7ahr4c1mov5.mdb.yandexcloud.net | c9q3uu2o56h01dlp23ln | MASTER  | ALIVE  | ru-central1-a | true      |                    |        0 |               0 |
| rc1b-kn2cpc3j25r99q99.mdb.yandexcloud.net | c9q3uu2o56h01dlp23ln | REPLICA | ALIVE  | ru-central1-b | true      |                    |        0 |               0 |
+-------------------------------------------+----------------------+---------+--------+---------------+-----------+--------------------+----------+-----------------+

Databases info in cluster
+------+----------------------+---------------------+
| NAME |      CLUSTER ID      | DELETION PROTECTION |
+------+----------------------+---------------------+
| test | c9q3uu2o56h01dlp23ln | disabled            |
+------+----------------------+---------------------+

User name in databases cluster
+------+---------------------+----------------------+
| NAME |     PERMISSIONS     |    CONNECTION ID     |
+------+---------------------+----------------------+
| app  | test=ALL_PRIVILEGES | a592aee3jps4dqci0p2a |
+------+---------------------+----------------------+

